Device cuda | sweep a100k shard 0/1: 1 runs to go (0 on disk)
    step    3000  loss 0.2180  train 0.899  val 0.906  test 0.894  (446s)
    step    6000  loss 0.2099  train 0.842  val 0.828  test 0.832  (891s)
    step    9000  loss 0.1998  train 0.922  val 0.910  test 0.924  (1334s)
    step   12000  loss 0.1965  train 0.930  val 0.926  test 0.915  (1775s)
    step   15000  loss 0.1849  train 0.926  val 0.942  test 0.920  (2220s)
    step   18000  loss 0.1927  train 0.923  val 0.912  test 0.928  (2660s)
    step   21000  loss 0.2000  train 0.921  val 0.910  test 0.912  (3099s)
    step   24000  loss 0.1977  train 0.914  val 0.912  test 0.914  (3537s)
    step   27000  loss 0.1868  train 0.922  val 0.926  test 0.929  (3975s)
    step   30000  loss 0.1854  train 0.897  val 0.914  test 0.896  (4416s)
    step   33000  loss nan  train 0.160  val 0.178  test 0.173  (4818s)
    step   36000  loss nan  train 0.160  val 0.178  test 0.173  (5133s)
    step   39000  loss nan  train 0.160  val 0.178  test 0.173  (5448s)
    step   42000  loss nan  train 0.160  val 0.178  test 0.173  (5763s)
    step   45000  loss nan  train 0.160  val 0.178  test 0.173  (6077s)
    step   48000  loss nan  train 0.160  val 0.178  test 0.173  (6393s)
    step   51000  loss nan  train 0.160  val 0.178  test 0.173  (6709s)
    step   54000  loss nan  train 0.160  val 0.178  test 0.173  (7025s)
    step   57000  loss nan  train 0.160  val 0.178  test 0.173  (7339s)
    step   60000  loss nan  train 0.160  val 0.178  test 0.173  (7656s)
  [1/1] m=768  L=12 N=100000 seed=0  params=71.1M  train=0.160  test@bestval=0.920  test@final=0.173  (7655.5s)
