Device mps | sweep q1: 72 runs to go (0 on disk)
  generating data for seed 0...
Generated 8000 graphs  |  connected: 4000  disconnected: 4000
Generated 1600 graphs  |  connected: 800  disconnected: 800
Generated 1600 graphs  |  connected: 800  disconnected: 800
  [1/72] m=8    H=1   lr=0.0003  seed=0  train=0.740 val=0.647 test@bestval=0.632 test@final=0.632  (46.9s)
  [2/72] m=8    H=1   lr=0.001   seed=0  train=0.974 val=0.915 test@bestval=0.907 test@final=0.907  (46.5s)
  [3/72] m=8    H=1   lr=0.003   seed=0  train=1.000 val=0.978 test@bestval=0.963 test@final=0.963  (40.2s)
  [4/72] m=8    H=1   lr=0.01    seed=0  train=1.000 val=0.988 test@bestval=0.970 test@final=0.970  (42.4s)
  [5/72] m=16   H=2   lr=0.0003  seed=0  train=1.000 val=0.900 test@bestval=0.853 test@final=0.848  (44.0s)
  [6/72] m=16   H=2   lr=0.001   seed=0  train=1.000 val=0.965 test@bestval=0.940 test@final=0.940  (43.0s)
  [7/72] m=16   H=2   lr=0.003   seed=0  train=1.000 val=0.983 test@bestval=0.932 test@final=0.953  (43.5s)
  [8/72] m=16   H=2   lr=0.01    seed=0  train=1.000 val=0.993 test@bestval=0.970 test@final=0.970  (44.2s)
  [9/72] m=32   H=4   lr=0.0003  seed=0  train=1.000 val=0.685 test@bestval=0.657 test@final=0.657  (46.6s)
  [10/72] m=32   H=4   lr=0.001   seed=0  train=1.000 val=0.882 test@bestval=0.865 test@final=0.870  (46.0s)
  [11/72] m=32   H=4   lr=0.003   seed=0  train=1.000 val=0.983 test@bestval=0.950 test@final=0.948  (46.1s)
  [12/72] m=32   H=4   lr=0.01    seed=0  train=0.882 val=0.970 test@bestval=0.968 test@final=0.840  (46.1s)
  [13/72] m=64   H=8   lr=0.0003  seed=0  train=1.000 val=0.625 test@bestval=0.670 test@final=0.672  (47.9s)
  [14/72] m=64   H=8   lr=0.001   seed=0  train=1.000 val=0.887 test@bestval=0.855 test@final=0.855  (47.8s)
  [15/72] m=64   H=8   lr=0.003   seed=0  train=1.000 val=0.955 test@bestval=0.927 test@final=0.915  (47.6s)
  [16/72] m=64   H=8   lr=0.01    seed=0  train=0.660 val=0.973 test@bestval=0.975 test@final=0.600  (47.2s)
  [17/72] m=128  H=16  lr=0.0003  seed=0  train=1.000 val=0.695 test@bestval=0.650 test@final=0.657  (72.2s)
  [18/72] m=128  H=16  lr=0.001   seed=0  train=1.000 val=0.835 test@bestval=0.805 test@final=0.805  (74.2s)
  [19/72] m=128  H=16  lr=0.003   seed=0  train=1.000 val=0.890 test@bestval=0.902 test@final=0.902  (73.3s)
  [20/72] m=128  H=16  lr=0.01    seed=0  train=0.804 val=0.805 test@bestval=0.770 test@final=0.765  (73.4s)
  [21/72] m=256  H=32  lr=0.0003  seed=0  train=1.000 val=0.625 test@bestval=0.603 test@final=0.608  (152.8s)
  [22/72] m=256  H=32  lr=0.001   seed=0  train=1.000 val=0.745 test@bestval=0.720 test@final=0.720  (147.1s)
  [23/72] m=256  H=32  lr=0.003   seed=0  train=0.865 val=0.618 test@bestval=0.568 test@final=0.537  (145.3s)
  [24/72] m=256  H=32  lr=0.01    seed=0  train=0.357 val=0.500 test@bestval=0.500 test@final=0.275  (142.0s)
  generating data for seed 1...
Generated 8000 graphs  |  connected: 4000  disconnected: 4000
Generated 1600 graphs  |  connected: 800  disconnected: 800
Generated 1600 graphs  |  connected: 800  disconnected: 800
  [25/72] m=8    H=1   lr=0.0003  seed=1  train=0.729 val=0.690 test@bestval=0.680 test@final=0.680  (37.8s)
  [26/72] m=8    H=1   lr=0.001   seed=1  train=0.963 val=0.940 test@bestval=0.932 test@final=0.953  (36.8s)
  [27/72] m=8    H=1   lr=0.003   seed=1  train=1.000 val=0.980 test@bestval=0.980 test@final=0.980  (37.3s)
  [28/72] m=8    H=1   lr=0.01    seed=1  train=0.975 val=0.943 test@bestval=0.953 test@final=0.953  (37.3s)
  [29/72] m=16   H=2   lr=0.0003  seed=1  train=0.886 val=0.830 test@bestval=0.828 test@final=0.740  (36.6s)
  [30/72] m=16   H=2   lr=0.001   seed=1  train=1.000 val=0.935 test@bestval=0.910 test@final=0.910  (36.4s)
  [31/72] m=16   H=2   lr=0.003   seed=1  train=1.000 val=0.983 test@bestval=0.970 test@final=0.970  (36.6s)
  [32/72] m=16   H=2   lr=0.01    seed=1  train=1.000 val=0.980 test@bestval=0.993 test@final=0.995  (37.0s)
  [33/72] m=32   H=4   lr=0.0003  seed=1  train=1.000 val=0.815 test@bestval=0.785 test@final=0.785  (36.7s)
  [34/72] m=32   H=4   lr=0.001   seed=1  train=1.000 val=0.943 test@bestval=0.930 test@final=0.932  (36.9s)
  [35/72] m=32   H=4   lr=0.003   seed=1  train=1.000 val=0.990 test@bestval=0.983 test@final=0.980  (439.4s)
  [36/72] m=32   H=4   lr=0.01    seed=1  train=1.000 val=0.970 test@bestval=0.983 test@final=0.983  (1066.8s)
  [37/72] m=64   H=8   lr=0.0003  seed=1  train=1.000 val=0.623 test@bestval=0.583 test@final=0.588  (1064.3s)
  [38/72] m=64   H=8   lr=0.001   seed=1  train=1.000 val=0.975 test@bestval=0.968 test@final=0.968  (1158.0s)
  [39/72] m=64   H=8   lr=0.003   seed=1  train=1.000 val=0.973 test@bestval=0.978 test@final=0.980  (1156.2s)
  [40/72] m=64   H=8   lr=0.01    seed=1  train=0.883 val=0.910 test@bestval=0.920 test@final=0.882  (167.6s)
  [41/72] m=128  H=16  lr=0.0003  seed=1  train=1.000 val=0.588 test@bestval=0.603 test@final=0.603  (358.4s)
  [42/72] m=128  H=16  lr=0.001   seed=1  train=1.000 val=0.855 test@bestval=0.875 test@final=0.858  (69.1s)
  [43/72] m=128  H=16  lr=0.003   seed=1  train=1.000 val=0.667 test@bestval=0.672 test@final=0.675  (68.1s)
  [44/72] m=128  H=16  lr=0.01    seed=1  train=0.924 val=0.912 test@bestval=0.910 test@final=0.910  (68.1s)
  [45/72] m=256  H=32  lr=0.0003  seed=1  train=1.000 val=0.647 test@bestval=0.650 test@final=0.652  (142.0s)
  [46/72] m=256  H=32  lr=0.001   seed=1  train=1.000 val=0.535 test@bestval=0.547 test@final=0.547  (141.8s)
  [47/72] m=256  H=32  lr=0.003   seed=1  train=0.945 val=0.657 test@bestval=0.632 test@final=0.635  (141.9s)
  [48/72] m=256  H=32  lr=0.01    seed=1  train=0.237 val=0.500 test@bestval=0.500 test@final=0.195  (141.8s)
  generating data for seed 2...
Generated 8000 graphs  |  connected: 4000  disconnected: 4000
Generated 1600 graphs  |  connected: 800  disconnected: 800
Generated 1600 graphs  |  connected: 800  disconnected: 800
  [49/72] m=8    H=1   lr=0.0003  seed=2  train=0.736 val=0.627 test@bestval=0.690 test@final=0.690  (37.8s)
  [50/72] m=8    H=1   lr=0.001   seed=2  train=0.963 val=0.925 test@bestval=0.912 test@final=0.902  (37.7s)
  [51/72] m=8    H=1   lr=0.003   seed=2  train=1.000 val=0.968 test@bestval=0.965 test@final=0.963  (37.6s)
  [52/72] m=8    H=1   lr=0.01    seed=2  train=1.000 val=0.980 test@bestval=0.978 test@final=0.978  (37.5s)
  [53/72] m=16   H=2   lr=0.0003  seed=2  train=0.969 val=0.770 test@bestval=0.810 test@final=0.810  (38.0s)
  [54/72] m=16   H=2   lr=0.001   seed=2  train=1.000 val=0.877 test@bestval=0.902 test@final=0.892  (38.1s)
  [55/72] m=16   H=2   lr=0.003   seed=2  train=1.000 val=0.970 test@bestval=0.965 test@final=0.968  (38.1s)
  [56/72] m=16   H=2   lr=0.01    seed=2  train=1.000 val=0.985 test@bestval=0.990 test@final=0.993  (38.0s)
  [57/72] m=32   H=4   lr=0.0003  seed=2  train=1.000 val=0.585 test@bestval=0.552 test@final=0.552  (38.7s)
  [58/72] m=32   H=4   lr=0.001   seed=2  train=1.000 val=0.595 test@bestval=0.547 test@final=0.547  (38.6s)
  [59/72] m=32   H=4   lr=0.003   seed=2  train=1.000 val=0.975 test@bestval=0.970 test@final=0.968  (38.7s)
  [60/72] m=32   H=4   lr=0.01    seed=2  train=0.920 val=0.968 test@bestval=0.973 test@final=0.900  (38.7s)
  [61/72] m=64   H=8   lr=0.0003  seed=2  train=1.000 val=0.600 test@bestval=0.588 test@final=0.588  (40.3s)
  [62/72] m=64   H=8   lr=0.001   seed=2  train=1.000 val=0.925 test@bestval=0.915 test@final=0.917  (40.2s)
  [63/72] m=64   H=8   lr=0.003   seed=2  train=1.000 val=0.797 test@bestval=0.838 test@final=0.838  (40.0s)
  [64/72] m=64   H=8   lr=0.01    seed=2  train=0.782 val=0.930 test@bestval=0.902 test@final=0.743  (40.0s)
  [65/72] m=128  H=16  lr=0.0003  seed=2  train=1.000 val=0.635 test@bestval=0.647 test@final=0.650  (68.2s)
  [66/72] m=128  H=16  lr=0.001   seed=2  train=1.000 val=0.770 test@bestval=0.780 test@final=0.787  (68.2s)
  [67/72] m=128  H=16  lr=0.003   seed=2  train=1.000 val=0.792 test@bestval=0.720 test@final=0.720  (68.2s)
  [68/72] m=128  H=16  lr=0.01    seed=2  train=0.487 val=0.525 test@bestval=0.520 test@final=0.422  (68.2s)
  [69/72] m=256  H=32  lr=0.0003  seed=2  train=1.000 val=0.690 test@bestval=0.682 test@final=0.682  (142.4s)
  [70/72] m=256  H=32  lr=0.001   seed=2  train=1.000 val=0.568 test@bestval=0.520 test@final=0.522  (141.9s)
  [71/72] m=256  H=32  lr=0.003   seed=2  train=0.910 val=0.677 test@bestval=0.655 test@final=0.657  (141.9s)
  [72/72] m=256  H=32  lr=0.01    seed=2  train=0.632 val=0.532 test@bestval=0.485 test@final=0.485  (143.6s)
