Device cuda | sweep q1b shard 3/6: 20 runs to go (0 on disk)
  generating data for seed 0...
Generated 8000 graphs  |  connected: 4000  disconnected: 4000
Generated 1600 graphs  |  connected: 800  disconnected: 800
Generated 1600 graphs  |  connected: 800  disconnected: 800
  [1/20] m=2    H=1   lr=0.01    seed=0  train=0.500 val=0.500 test@bestval=0.500 test@final=0.500  (65.7s)
  [2/20] m=4    H=1   lr=0.03    seed=0  train=0.948 val=0.940 test@bestval=0.915 test@final=0.920  (60.6s)
  [3/20] m=16   H=2   lr=0.0003  seed=0  train=0.868 val=0.780 test@bestval=0.762 test@final=0.765  (64.3s)
  [4/20] m=32   H=4   lr=0.001   seed=0  train=1.000 val=0.703 test@bestval=0.675 test@final=0.675  (66.8s)
  [5/20] m=64   H=8   lr=0.003   seed=0  train=1.000 val=0.875 test@bestval=0.880 test@final=0.882  (68.1s)
  [6/20] m=128  H=16  lr=0.01    seed=0  train=1.000 val=0.850 test@bestval=0.830 test@final=0.825  (123.5s)
  [7/20] m=256  H=32  lr=0.03    seed=0  train=0.667 val=0.500 test@bestval=0.500 test@final=0.320  (263.2s)
  generating data for seed 1...
Generated 8000 graphs  |  connected: 4000  disconnected: 4000
Generated 1600 graphs  |  connected: 800  disconnected: 800
Generated 1600 graphs  |  connected: 800  disconnected: 800
  [8/20] m=4    H=1   lr=0.0003  seed=1  train=0.168 val=0.372 test@bestval=0.388 test@final=0.185  (63.4s)
  [9/20] m=8    H=1   lr=0.001   seed=1  train=0.696 val=0.698 test@bestval=0.630 test@final=0.630  (59.1s)
  [10/20] m=16   H=2   lr=0.003   seed=1  train=1.000 val=0.975 test@bestval=0.955 test@final=0.960  (55.7s)
  [11/20] m=32   H=4   lr=0.01    seed=1  train=1.000 val=0.995 test@bestval=0.993 test@final=0.993  (63.3s)
  [12/20] m=64   H=8   lr=0.03    seed=1  train=0.855 val=0.818 test@bestval=0.828 test@final=0.825  (76.8s)
  [13/20] m=256  H=32  lr=0.0003  seed=1  train=1.000 val=0.450 test@bestval=0.425 test@final=0.425  (291.4s)
  generating data for seed 2...
Generated 8000 graphs  |  connected: 4000  disconnected: 4000
Generated 1600 graphs  |  connected: 800  disconnected: 800
Generated 1600 graphs  |  connected: 800  disconnected: 800
  [14/20] m=2    H=1   lr=0.001   seed=2  train=0.500 val=0.500 test@bestval=0.492 test@final=0.500  (65.1s)
  [15/20] m=4    H=1   lr=0.003   seed=2  train=0.777 val=0.730 test@bestval=0.733 test@final=0.735  (54.4s)
  [16/20] m=8    H=1   lr=0.01    seed=2  train=1.000 val=0.975 test@bestval=0.975 test@final=0.970  (56.6s)
  [17/20] m=16   H=2   lr=0.03    seed=2  train=1.000 val=0.988 test@bestval=0.978 test@final=0.980  (56.0s)
  [18/20] m=64   H=8   lr=0.0003  seed=2  train=1.000 val=0.570 test@bestval=0.535 test@final=0.537  (50.0s)
  [19/20] m=128  H=16  lr=0.001   seed=2  train=1.000 val=0.527 test@bestval=0.515 test@final=0.517  (111.6s)
  [20/20] m=256  H=32  lr=0.003   seed=2  train=1.000 val=0.855 test@bestval=0.858 test@final=0.858  (279.5s)
