Device cuda | sweep q1b shard 4/6: 20 runs to go (0 on disk)
  generating data for seed 0...
Generated 8000 graphs  |  connected: 4000  disconnected: 4000
Generated 1600 graphs  |  connected: 800  disconnected: 800
Generated 1600 graphs  |  connected: 800  disconnected: 800
  [1/20] m=2    H=1   lr=0.03    seed=0  train=0.500 val=0.500 test@bestval=0.500 test@final=0.500  (62.4s)
  [2/20] m=8    H=1   lr=0.0003  seed=0  train=0.327 val=0.273 test@bestval=0.235 test@final=0.235  (64.8s)
  [3/20] m=16   H=2   lr=0.001   seed=0  train=1.000 val=0.930 test@bestval=0.915 test@final=0.920  (65.7s)
  [4/20] m=32   H=4   lr=0.003   seed=0  train=1.000 val=0.938 test@bestval=0.880 test@final=0.887  (66.4s)
  [5/20] m=64   H=8   lr=0.01    seed=0  train=1.000 val=0.968 test@bestval=0.945 test@final=0.938  (68.1s)
  [6/20] m=128  H=16  lr=0.03    seed=0  train=0.857 val=0.738 test@bestval=0.755 test@final=0.755  (118.6s)
  generating data for seed 1...
Generated 8000 graphs  |  connected: 4000  disconnected: 4000
Generated 1600 graphs  |  connected: 800  disconnected: 800
Generated 1600 graphs  |  connected: 800  disconnected: 800
  [7/20] m=2    H=1   lr=0.0003  seed=1  train=0.500 val=0.500 test@bestval=0.500 test@final=0.500  (63.7s)
  [8/20] m=4    H=1   lr=0.001   seed=1  train=0.520 val=0.540 test@bestval=0.495 test@final=0.497  (56.0s)
  [9/20] m=8    H=1   lr=0.003   seed=1  train=0.988 val=0.932 test@bestval=0.940 test@final=0.932  (59.9s)
  [10/20] m=16   H=2   lr=0.01    seed=1  train=1.000 val=0.995 test@bestval=0.990 test@final=0.993  (57.5s)
  [11/20] m=32   H=4   lr=0.03    seed=1  train=0.994 val=0.968 test@bestval=0.983 test@final=0.973  (66.1s)
  [12/20] m=128  H=16  lr=0.0003  seed=1  train=1.000 val=0.490 test@bestval=0.495 test@final=0.495  (73.9s)
  [13/20] m=256  H=32  lr=0.001   seed=1  train=1.000 val=0.403 test@bestval=0.443 test@final=0.448  (160.3s)
  generating data for seed 2...
Generated 8000 graphs  |  connected: 4000  disconnected: 4000
Generated 1600 graphs  |  connected: 800  disconnected: 800
Generated 1600 graphs  |  connected: 800  disconnected: 800
  [14/20] m=2    H=1   lr=0.003   seed=2  train=0.500 val=0.500 test@bestval=0.500 test@final=0.500  (64.7s)
  [15/20] m=4    H=1   lr=0.01    seed=2  train=0.951 val=0.932 test@bestval=0.910 test@final=0.925  (60.6s)
  [16/20] m=8    H=1   lr=0.03    seed=2  train=0.991 val=0.963 test@bestval=0.960 test@final=0.963  (56.2s)
  [17/20] m=32   H=4   lr=0.0003  seed=2  train=0.990 val=0.590 test@bestval=0.565 test@final=0.565  (57.6s)
  [18/20] m=64   H=8   lr=0.001   seed=2  train=1.000 val=0.550 test@bestval=0.540 test@final=0.537  (54.3s)
  [19/20] m=128  H=16  lr=0.003   seed=2  train=1.000 val=0.562 test@bestval=0.520 test@final=0.522  (73.7s)
  [20/20] m=256  H=32  lr=0.01    seed=2  train=1.000 val=0.453 test@bestval=0.475 test@final=0.475  (195.8s)
