Device cuda | sweep q1b shard 1/6: 20 runs to go (0 on disk)
  generating data for seed 0...
Generated 8000 graphs  |  connected: 4000  disconnected: 4000
Generated 1600 graphs  |  connected: 800  disconnected: 800
Generated 1600 graphs  |  connected: 800  disconnected: 800
  [1/20] m=2    H=1   lr=0.001   seed=0  train=0.500 val=0.500 test@bestval=0.500 test@final=0.500  (63.2s)
  [2/20] m=4    H=1   lr=0.003   seed=0  train=0.667 val=0.620 test@bestval=0.580 test@final=0.578  (58.6s)
  [3/20] m=8    H=1   lr=0.01    seed=0  train=1.000 val=0.968 test@bestval=0.958 test@final=0.955  (61.6s)
  [4/20] m=16   H=2   lr=0.03    seed=0  train=1.000 val=0.990 test@bestval=0.983 test@final=0.983  (60.9s)
  [5/20] m=64   H=8   lr=0.0003  seed=0  train=1.000 val=0.573 test@bestval=0.623 test@final=0.623  (71.2s)
  [6/20] m=128  H=16  lr=0.001   seed=0  train=1.000 val=0.497 test@bestval=0.490 test@final=0.487  (118.7s)
  [7/20] m=256  H=32  lr=0.003   seed=0  train=1.000 val=0.440 test@bestval=0.485 test@final=0.472  (271.2s)
  generating data for seed 1...
Generated 8000 graphs  |  connected: 4000  disconnected: 4000
Generated 1600 graphs  |  connected: 800  disconnected: 800
Generated 1600 graphs  |  connected: 800  disconnected: 800
  [8/20] m=2    H=1   lr=0.01    seed=1  train=0.500 val=0.500 test@bestval=0.500 test@final=0.500  (60.2s)
  [9/20] m=4    H=1   lr=0.03    seed=1  train=0.525 val=0.580 test@bestval=0.588 test@final=0.485  (61.8s)
  [10/20] m=16   H=2   lr=0.0003  seed=1  train=0.837 val=0.725 test@bestval=0.708 test@final=0.708  (64.0s)
  [11/20] m=32   H=4   lr=0.001   seed=1  train=1.000 val=0.900 test@bestval=0.892 test@final=0.892  (58.3s)
  [12/20] m=64   H=8   lr=0.003   seed=1  train=1.000 val=0.965 test@bestval=0.973 test@final=0.978  (71.5s)
  [13/20] m=128  H=16  lr=0.01    seed=1  train=1.000 val=0.655 test@bestval=0.655 test@final=0.655  (128.2s)
  [14/20] m=256  H=32  lr=0.03    seed=1  train=0.648 val=0.500 test@bestval=0.500 test@final=0.427  (237.5s)
  generating data for seed 2...
Generated 8000 graphs  |  connected: 4000  disconnected: 4000
Generated 1600 graphs  |  connected: 800  disconnected: 800
Generated 1600 graphs  |  connected: 800  disconnected: 800
  [15/20] m=4    H=1   lr=0.0003  seed=2  train=0.075 val=0.497 test@bestval=0.497 test@final=0.083  (54.2s)
  [16/20] m=8    H=1   lr=0.001   seed=2  train=0.889 val=0.807 test@bestval=0.828 test@final=0.830  (58.3s)
  [17/20] m=16   H=2   lr=0.003   seed=2  train=1.000 val=0.975 test@bestval=0.968 test@final=0.970  (53.6s)
  [18/20] m=32   H=4   lr=0.01    seed=2  train=1.000 val=0.978 test@bestval=0.983 test@final=0.980  (54.8s)
  [19/20] m=64   H=8   lr=0.03    seed=2  train=0.745 val=0.655 test@bestval=0.665 test@final=0.665  (65.0s)
  [20/20] m=256  H=32  lr=0.0003  seed=2  train=1.000 val=0.485 test@bestval=0.475 test@final=0.477  (290.9s)
