Device cuda | sweep q1c shard 6/8: 27 runs to go (0 on disk)
  generating data for seed 0, 500 train graphs...
Generated 2000 graphs  |  connected: 1000  disconnected: 1000
Generated 1600 graphs  |  connected: 800  disconnected: 800
Generated 1600 graphs  |  connected: 800  disconnected: 800
  [1/27] N=500   m=16   H=2   lr=0.01    seed=0  train=1.000 val=0.672 test@bestval=0.652 test@final=0.640  (87.4s)
  [2/27] N=500   m=64   H=8   lr=0.01    seed=0  train=1.000 val=0.388 test@bestval=0.430 test@final=0.435  (89.2s)
  [3/27] N=500   m=256  H=32  lr=0.01    seed=0  train=1.000 val=0.380 test@bestval=0.333 test@final=0.335  (322.0s)
  generating data for seed 0, 2000 train graphs...
Generated 8000 graphs  |  connected: 4000  disconnected: 4000
Generated 1600 graphs  |  connected: 800  disconnected: 800
Generated 1600 graphs  |  connected: 800  disconnected: 800
  [4/27] N=2000  m=16   H=2   lr=0.01    seed=0  train=1.000 val=0.990 test@bestval=0.980 test@final=0.980  (90.8s)
  [5/27] N=2000  m=64   H=8   lr=0.01    seed=0  train=1.000 val=0.968 test@bestval=0.945 test@final=0.938  (101.2s)
  [6/27] N=2000  m=256  H=32  lr=0.01    seed=0  train=1.000 val=0.417 test@bestval=0.425 test@final=0.427  (269.8s)
  generating data for seed 0, 8000 train graphs...
Generated 32000 graphs  |  connected: 16000  disconnected: 16000
Generated 1600 graphs  |  connected: 800  disconnected: 800
Generated 1600 graphs  |  connected: 800  disconnected: 800
  [7/27] N=8000  m=16   H=2   lr=0.01    seed=0  train=1.000 val=1.000 test@bestval=0.995 test@final=0.998  (98.2s)
  [8/27] N=8000  m=64   H=8   lr=0.01    seed=0  train=1.000 val=0.995 test@bestval=0.995 test@final=0.995  (97.0s)
  [9/27] N=8000  m=256  H=32  lr=0.01    seed=0  train=1.000 val=0.985 test@bestval=0.995 test@final=0.995  (344.2s)
  generating data for seed 1, 500 train graphs...
Generated 2000 graphs  |  connected: 1000  disconnected: 1000
Generated 1600 graphs  |  connected: 800  disconnected: 800
Generated 1600 graphs  |  connected: 800  disconnected: 800
  [10/27] N=500   m=16   H=2   lr=0.01    seed=1  train=1.000 val=0.520 test@bestval=0.522 test@final=0.522  (88.5s)
  [11/27] N=500   m=64   H=8   lr=0.01    seed=1  train=1.000 val=0.372 test@bestval=0.372 test@final=0.388  (102.2s)
  [12/27] N=500   m=256  H=32  lr=0.01    seed=1  train=1.000 val=0.292 test@bestval=0.300 test@final=0.300  (257.1s)
  generating data for seed 1, 2000 train graphs...
Generated 8000 graphs  |  connected: 4000  disconnected: 4000
Generated 1600 graphs  |  connected: 800  disconnected: 800
Generated 1600 graphs  |  connected: 800  disconnected: 800
  [13/27] N=2000  m=16   H=2   lr=0.01    seed=1  train=1.000 val=0.995 test@bestval=0.990 test@final=0.993  (98.0s)
  [14/27] N=2000  m=64   H=8   lr=0.01    seed=1  train=1.000 val=0.953 test@bestval=0.968 test@final=0.970  (88.7s)
  [15/27] N=2000  m=256  H=32  lr=0.01    seed=1  train=1.000 val=0.600 test@bestval=0.542 test@final=0.542  (329.0s)
  generating data for seed 1, 8000 train graphs...
Generated 32000 graphs  |  connected: 16000  disconnected: 16000
Generated 1600 graphs  |  connected: 800  disconnected: 800
Generated 1600 graphs  |  connected: 800  disconnected: 800
  [16/27] N=8000  m=16   H=2   lr=0.01    seed=1  train=0.998 val=0.993 test@bestval=0.980 test@final=1.000  (92.9s)
  [17/27] N=8000  m=64   H=8   lr=0.01    seed=1  train=1.000 val=1.000 test@bestval=1.000 test@final=1.000  (114.6s)
  [18/27] N=8000  m=256  H=32  lr=0.01    seed=1  train=0.914 val=0.870 test@bestval=0.853 test@final=0.860  (293.1s)
  generating data for seed 2, 500 train graphs...
Generated 2000 graphs  |  connected: 1000  disconnected: 1000
Generated 1600 graphs  |  connected: 800  disconnected: 800
Generated 1600 graphs  |  connected: 800  disconnected: 800
  [19/27] N=500   m=16   H=2   lr=0.01    seed=2  train=1.000 val=0.485 test@bestval=0.482 test@final=0.495  (86.9s)
  [20/27] N=500   m=64   H=8   lr=0.01    seed=2  train=1.000 val=0.362 test@bestval=0.365 test@final=0.365  (52.1s)
  [21/27] N=500   m=256  H=32  lr=0.01    seed=2  train=1.000 val=0.338 test@bestval=0.345 test@final=0.347  (210.9s)
  generating data for seed 2, 2000 train graphs...
Generated 8000 graphs  |  connected: 4000  disconnected: 4000
Generated 1600 graphs  |  connected: 800  disconnected: 800
Generated 1600 graphs  |  connected: 800  disconnected: 800
  [22/27] N=2000  m=16   H=2   lr=0.01    seed=2  train=1.000 val=0.980 test@bestval=0.980 test@final=0.983  (44.0s)
  [23/27] N=2000  m=64   H=8   lr=0.01    seed=2  train=1.000 val=0.953 test@bestval=0.980 test@final=0.980  (43.9s)
  [24/27] N=2000  m=256  H=32  lr=0.01    seed=2  train=1.000 val=0.453 test@bestval=0.475 test@final=0.475  (214.5s)
  generating data for seed 2, 8000 train graphs...
Generated 32000 graphs  |  connected: 16000  disconnected: 16000
Generated 1600 graphs  |  connected: 800  disconnected: 800
Generated 1600 graphs  |  connected: 800  disconnected: 800
  [25/27] N=8000  m=16   H=2   lr=0.01    seed=2  train=1.000 val=1.000 test@bestval=1.000 test@final=1.000  (44.7s)
  [26/27] N=8000  m=64   H=8   lr=0.01    seed=2  train=1.000 val=1.000 test@bestval=0.998 test@final=0.998  (46.7s)
  [27/27] N=8000  m=256  H=32  lr=0.01    seed=2  train=0.984 val=0.955 test@bestval=0.950 test@final=0.950  (230.6s)
