Device cuda | sweep q1c shard 4/8: 27 runs to go (0 on disk)
  generating data for seed 0, 500 train graphs...
Generated 2000 graphs  |  connected: 1000  disconnected: 1000
Generated 1600 graphs  |  connected: 800  disconnected: 800
Generated 1600 graphs  |  connected: 800  disconnected: 800
  [1/27] N=500   m=16   H=2   lr=0.001   seed=0  train=1.000 val=0.482 test@bestval=0.492 test@final=0.487  (89.3s)
  [2/27] N=500   m=64   H=8   lr=0.001   seed=0  train=1.000 val=0.438 test@bestval=0.398 test@final=0.398  (89.8s)
  [3/27] N=500   m=256  H=32  lr=0.001   seed=0  train=1.000 val=0.375 test@bestval=0.362 test@final=0.367  (321.2s)
  generating data for seed 0, 2000 train graphs...
Generated 8000 graphs  |  connected: 4000  disconnected: 4000
Generated 1600 graphs  |  connected: 800  disconnected: 800
Generated 1600 graphs  |  connected: 800  disconnected: 800
  [4/27] N=2000  m=16   H=2   lr=0.001   seed=0  train=1.000 val=0.930 test@bestval=0.915 test@final=0.920  (93.1s)
  [5/27] N=2000  m=64   H=8   lr=0.001   seed=0  train=1.000 val=0.588 test@bestval=0.598 test@final=0.598  (100.5s)
  [6/27] N=2000  m=256  H=32  lr=0.001   seed=0  train=1.000 val=0.532 test@bestval=0.532 test@final=0.542  (274.0s)
  generating data for seed 0, 8000 train graphs...
Generated 32000 graphs  |  connected: 16000  disconnected: 16000
Generated 1600 graphs  |  connected: 800  disconnected: 800
Generated 1600 graphs  |  connected: 800  disconnected: 800
  [7/27] N=8000  m=16   H=2   lr=0.001   seed=0  train=1.000 val=0.995 test@bestval=0.985 test@final=0.988  (96.3s)
  [8/27] N=8000  m=64   H=8   lr=0.001   seed=0  train=1.000 val=0.995 test@bestval=0.998 test@final=0.998  (98.3s)
  [9/27] N=8000  m=256  H=32  lr=0.001   seed=0  train=1.000 val=1.000 test@bestval=0.988 test@final=0.990  (341.8s)
  generating data for seed 1, 500 train graphs...
Generated 2000 graphs  |  connected: 1000  disconnected: 1000
Generated 1600 graphs  |  connected: 800  disconnected: 800
Generated 1600 graphs  |  connected: 800  disconnected: 800
  [10/27] N=500   m=16   H=2   lr=0.001   seed=1  train=1.000 val=0.445 test@bestval=0.455 test@final=0.458  (88.6s)
  [11/27] N=500   m=64   H=8   lr=0.001   seed=1  train=1.000 val=0.405 test@bestval=0.383 test@final=0.385  (102.0s)
  [12/27] N=500   m=256  H=32  lr=0.001   seed=1  train=1.000 val=0.425 test@bestval=0.435 test@final=0.438  (257.1s)
  generating data for seed 1, 2000 train graphs...
Generated 8000 graphs  |  connected: 4000  disconnected: 4000
Generated 1600 graphs  |  connected: 800  disconnected: 800
Generated 1600 graphs  |  connected: 800  disconnected: 800
  [13/27] N=2000  m=16   H=2   lr=0.001   seed=1  train=1.000 val=0.925 test@bestval=0.910 test@final=0.907  (95.9s)
  [14/27] N=2000  m=64   H=8   lr=0.001   seed=1  train=1.000 val=0.723 test@bestval=0.733 test@final=0.728  (90.3s)
  [15/27] N=2000  m=256  H=32  lr=0.001   seed=1  train=1.000 val=0.403 test@bestval=0.443 test@final=0.448  (327.2s)
  generating data for seed 1, 8000 train graphs...
Generated 32000 graphs  |  connected: 16000  disconnected: 16000
Generated 1600 graphs  |  connected: 800  disconnected: 800
Generated 1600 graphs  |  connected: 800  disconnected: 800
  [16/27] N=8000  m=16   H=2   lr=0.001   seed=1  train=1.000 val=1.000 test@bestval=0.995 test@final=0.993  (91.9s)
  [17/27] N=8000  m=64   H=8   lr=0.001   seed=1  train=1.000 val=0.995 test@bestval=0.990 test@final=0.993  (116.4s)
  [18/27] N=8000  m=256  H=32  lr=0.001   seed=1  train=1.000 val=1.000 test@bestval=1.000 test@final=1.000  (290.6s)
  generating data for seed 2, 500 train graphs...
Generated 2000 graphs  |  connected: 1000  disconnected: 1000
Generated 1600 graphs  |  connected: 800  disconnected: 800
Generated 1600 graphs  |  connected: 800  disconnected: 800
  [19/27] N=500   m=16   H=2   lr=0.001   seed=2  train=1.000 val=0.453 test@bestval=0.445 test@final=0.445  (91.0s)
  [20/27] N=500   m=64   H=8   lr=0.001   seed=2  train=1.000 val=0.393 test@bestval=0.388 test@final=0.388  (51.4s)
  [21/27] N=500   m=256  H=32  lr=0.001   seed=2  train=1.000 val=0.367 test@bestval=0.333 test@final=0.330  (208.3s)
  generating data for seed 2, 2000 train graphs...
Generated 8000 graphs  |  connected: 4000  disconnected: 4000
Generated 1600 graphs  |  connected: 800  disconnected: 800
Generated 1600 graphs  |  connected: 800  disconnected: 800
  [22/27] N=2000  m=16   H=2   lr=0.001   seed=2  train=1.000 val=0.907 test@bestval=0.907 test@final=0.912  (42.7s)
  [23/27] N=2000  m=64   H=8   lr=0.001   seed=2  train=1.000 val=0.550 test@bestval=0.540 test@final=0.537  (43.2s)
  [24/27] N=2000  m=256  H=32  lr=0.001   seed=2  train=1.000 val=0.480 test@bestval=0.458 test@final=0.455  (214.0s)
  generating data for seed 2, 8000 train graphs...
Generated 32000 graphs  |  connected: 16000  disconnected: 16000
Generated 1600 graphs  |  connected: 800  disconnected: 800
Generated 1600 graphs  |  connected: 800  disconnected: 800
  [25/27] N=8000  m=16   H=2   lr=0.001   seed=2  train=0.999 val=0.988 test@bestval=0.988 test@final=0.988  (43.9s)
  [26/27] N=8000  m=64   H=8   lr=0.001   seed=2  train=1.000 val=0.998 test@bestval=0.993 test@final=0.995  (46.4s)
  [27/27] N=8000  m=256  H=32  lr=0.001   seed=2  train=1.000 val=0.990 test@bestval=0.993 test@final=0.995  (230.6s)
