Device cuda | sweep q3fine shard 7/8: 10 runs to go (0 on disk)
  loading data for seed 0, n=40, 32000 train graphs...
  [1/10] n=40  L=6  N=32000 m=16   H=2   lr=0.003   seed=0  train=0.331 val=0.500 test@bestval=0.500 test@final=0.240  (343.8s)
  loading data for seed 0, n=48, 32000 train graphs...
  [2/10] n=48  L=6  N=32000 m=24   H=3   lr=0.003   seed=0  train=0.456 val=0.500 test@bestval=0.500 test@final=0.282  (348.2s)
  loading data for seed 0, n=56, 32000 train graphs...
  [3/10] n=56  L=6  N=32000 m=32   H=4   lr=0.003   seed=0  train=0.466 val=0.500 test@bestval=0.500 test@final=0.307  (352.4s)
  loading data for seed 1, n=32, 32000 train graphs...
  [4/10] n=32  L=6  N=32000 m=48   H=6   lr=0.003   seed=1  train=1.000 val=0.983 test@bestval=0.968 test@final=0.965  (1248.3s)
  loading data for seed 1, n=40, 32000 train graphs...
  [5/10] n=40  L=6  N=32000 m=64   H=8   lr=0.003   seed=1  train=0.962 val=0.875 test@bestval=0.858 test@final=0.855  (1420.5s)
  loading data for seed 1, n=48, 32000 train graphs...
  [6/10] n=48  L=6  N=32000 m=96   H=12  lr=0.003   seed=1  train=0.993 val=0.787 test@bestval=0.767 test@final=0.782  (2412.1s)
  loading data for seed 1, n=56, 32000 train graphs...
  [7/10] n=56  L=6  N=32000 m=128  H=16  lr=0.003   seed=1  train=0.720 val=0.642 test@bestval=0.625 test@final=0.637  (1476.4s)
  loading data for seed 2, n=40, 32000 train graphs...
  [8/10] n=40  L=6  N=32000 m=16   H=2   lr=0.003   seed=2  train=0.334 val=0.500 test@bestval=0.500 test@final=0.260  (347.3s)
  loading data for seed 2, n=48, 32000 train graphs...
  [9/10] n=48  L=6  N=32000 m=24   H=3   lr=0.003   seed=2  train=0.410 val=0.500 test@bestval=0.500 test@final=0.260  (360.0s)
  loading data for seed 2, n=56, 32000 train graphs...
  [10/10] n=56  L=6  N=32000 m=32   H=4   lr=0.003   seed=2  train=0.500 val=0.500 test@bestval=0.500 test@final=0.273  (352.8s)
