Device cuda | sweep q3fine shard 4/8: 10 runs to go (0 on disk)
  loading data for seed 0, n=32, 32000 train graphs...
  [1/10] n=32  L=6  N=32000 m=64   H=8   lr=0.003   seed=0  train=1.000 val=0.983 test@bestval=0.980 test@final=0.980  (1296.4s)
  loading data for seed 0, n=40, 32000 train graphs...
  [2/10] n=40  L=6  N=32000 m=96   H=12  lr=0.003   seed=0  train=0.987 val=0.912 test@bestval=0.930 test@final=0.935  (1903.9s)
  loading data for seed 0, n=48, 32000 train graphs...
  [3/10] n=48  L=6  N=32000 m=128  H=16  lr=0.003   seed=0  train=0.424 val=0.500 test@bestval=0.500 test@final=0.285  (3289.1s)
  loading data for seed 1, n=32, 32000 train graphs...
  [4/10] n=32  L=6  N=32000 m=16   H=2   lr=0.003   seed=1  train=0.510 val=0.500 test@bestval=0.500 test@final=0.432  (765.6s)
  loading data for seed 1, n=40, 32000 train graphs...
  [5/10] n=40  L=6  N=32000 m=24   H=3   lr=0.003   seed=1  train=0.624 val=0.537 test@bestval=0.497 test@final=0.537  (1158.3s)
  loading data for seed 1, n=48, 32000 train graphs...
  [6/10] n=48  L=6  N=32000 m=32   H=4   lr=0.003   seed=1  train=0.544 val=0.500 test@bestval=0.500 test@final=0.405  (1253.0s)
  loading data for seed 1, n=56, 32000 train graphs...
  [7/10] n=56  L=6  N=32000 m=48   H=6   lr=0.003   seed=1  train=0.569 val=0.500 test@bestval=0.500 test@final=0.410  (1680.8s)
  loading data for seed 2, n=32, 32000 train graphs...
  [8/10] n=32  L=6  N=32000 m=64   H=8   lr=0.003   seed=2  train=0.999 val=0.978 test@bestval=0.965 test@final=0.968  (1276.5s)
  loading data for seed 2, n=40, 32000 train graphs...
  [9/10] n=40  L=6  N=32000 m=96   H=12  lr=0.003   seed=2  train=0.991 val=0.917 test@bestval=0.920 test@final=0.922  (2207.5s)
  loading data for seed 2, n=48, 32000 train graphs...
  [10/10] n=48  L=6  N=32000 m=128  H=16  lr=0.003   seed=2  train=0.669 val=0.540 test@bestval=0.507 test@final=0.507  (2646.0s)
