Device cuda | sweep q3fine shard 5/8: 10 runs to go (0 on disk)
  loading data for seed 0, n=32, 32000 train graphs...
  [1/10] n=32  L=6  N=32000 m=96   H=12  lr=0.003   seed=0  train=0.999 val=0.983 test@bestval=0.973 test@final=0.973  (1211.2s)
  loading data for seed 0, n=40, 32000 train graphs...
  [2/10] n=40  L=6  N=32000 m=128  H=16  lr=0.003   seed=0  train=0.961 val=0.902 test@bestval=0.907 test@final=0.905  (2178.4s)
  loading data for seed 0, n=56, 32000 train graphs...
  [3/10] n=56  L=6  N=32000 m=16   H=2   lr=0.003   seed=0  train=0.301 val=0.500 test@bestval=0.500 test@final=0.225  (1116.7s)
  loading data for seed 1, n=32, 32000 train graphs...
  [4/10] n=32  L=6  N=32000 m=24   H=3   lr=0.003   seed=1  train=0.898 val=0.818 test@bestval=0.825 test@final=0.823  (1104.6s)
  loading data for seed 1, n=40, 32000 train graphs...
  [5/10] n=40  L=6  N=32000 m=32   H=4   lr=0.003   seed=1  train=0.770 val=0.632 test@bestval=0.657 test@final=0.652  (1163.0s)
  loading data for seed 1, n=48, 32000 train graphs...
  [6/10] n=48  L=6  N=32000 m=48   H=6   lr=0.003   seed=1  train=0.767 val=0.700 test@bestval=0.650 test@final=0.650  (1458.5s)
  loading data for seed 1, n=56, 32000 train graphs...
  [7/10] n=56  L=6  N=32000 m=64   H=8   lr=0.003   seed=1  train=0.745 val=0.500 test@bestval=0.500 test@final=0.375  (1621.7s)
  loading data for seed 2, n=32, 32000 train graphs...
  [8/10] n=32  L=6  N=32000 m=96   H=12  lr=0.003   seed=2  train=1.000 val=0.983 test@bestval=0.975 test@final=0.973  (1193.8s)
  loading data for seed 2, n=40, 32000 train graphs...
  [9/10] n=40  L=6  N=32000 m=128  H=16  lr=0.003   seed=2  train=0.981 val=0.835 test@bestval=0.800 test@final=0.790  (2377.8s)
  loading data for seed 2, n=56, 32000 train graphs...
  [10/10] n=56  L=6  N=32000 m=16   H=2   lr=0.003   seed=2  train=0.429 val=0.500 test@bestval=0.500 test@final=0.305  (979.0s)
