Device cuda | sweep q3fine shard 2/8: 11 runs to go (0 on disk)
  loading data for seed 0, n=32, 32000 train graphs...
  [1/11] n=32  L=6  N=32000 m=32   H=4   lr=0.003   seed=0  train=0.999 val=0.948 test@bestval=0.950 test@final=0.963  (1200.6s)
  loading data for seed 0, n=40, 32000 train graphs...
  [2/11] n=40  L=6  N=32000 m=48   H=6   lr=0.003   seed=0  train=0.924 val=0.865 test@bestval=0.880 test@final=0.873  (1333.1s)
  loading data for seed 0, n=48, 32000 train graphs...
  [3/11] n=48  L=6  N=32000 m=64   H=8   lr=0.003   seed=0  train=0.919 val=0.815 test@bestval=0.770 test@final=0.777  (1730.9s)
  loading data for seed 0, n=56, 32000 train graphs...
  [4/11] n=56  L=6  N=32000 m=96   H=12  lr=0.003   seed=0  train=0.678 val=0.520 test@bestval=0.540 test@final=0.530  (2514.3s)
  loading data for seed 1, n=32, 32000 train graphs...
  [5/11] n=32  L=6  N=32000 m=128  H=16  lr=0.003   seed=1  train=1.000 val=0.990 test@bestval=0.970 test@final=0.968  (2062.2s)
  loading data for seed 1, n=48, 32000 train graphs...
  [6/11] n=48  L=6  N=32000 m=16   H=2   lr=0.003   seed=1  train=0.300 val=0.500 test@bestval=0.500 test@final=0.242  (1168.8s)
  loading data for seed 1, n=56, 32000 train graphs...
  [7/11] n=56  L=6  N=32000 m=24   H=3   lr=0.003   seed=1  train=0.457 val=0.500 test@bestval=0.500 test@final=0.230  (1251.3s)
  loading data for seed 2, n=32, 32000 train graphs...
  [8/11] n=32  L=6  N=32000 m=32   H=4   lr=0.003   seed=2  train=0.996 val=0.975 test@bestval=0.960 test@final=0.958  (1048.5s)
  loading data for seed 2, n=40, 32000 train graphs...
  [9/11] n=40  L=6  N=32000 m=48   H=6   lr=0.003   seed=2  train=0.947 val=0.868 test@bestval=0.848 test@final=0.845  (1312.7s)
  loading data for seed 2, n=48, 32000 train graphs...
  [10/11] n=48  L=6  N=32000 m=64   H=8   lr=0.003   seed=2  train=0.936 val=0.770 test@bestval=0.820 test@final=0.810  (1799.7s)
  loading data for seed 2, n=56, 32000 train graphs...
  [11/11] n=56  L=6  N=32000 m=96   H=12  lr=0.003   seed=2  train=0.989 val=0.700 test@bestval=0.620 test@final=0.627  (2010.4s)
