Device cuda | sweep q3fine shard 3/8: 11 runs to go (0 on disk)
  loading data for seed 0, n=32, 32000 train graphs...
  [1/11] n=32  L=6  N=32000 m=48   H=6   lr=0.003   seed=0  train=0.996 val=0.965 test@bestval=0.965 test@final=0.965  (1153.3s)
  loading data for seed 0, n=40, 32000 train graphs...
  [2/11] n=40  L=6  N=32000 m=64   H=8   lr=0.003   seed=0  train=0.971 val=0.853 test@bestval=0.855 test@final=0.850  (1321.3s)
  loading data for seed 0, n=48, 32000 train graphs...
  [3/11] n=48  L=6  N=32000 m=96   H=12  lr=0.003   seed=0  train=0.890 val=0.740 test@bestval=0.800 test@final=0.802  (2008.6s)
  loading data for seed 0, n=56, 32000 train graphs...
  [4/11] n=56  L=6  N=32000 m=128  H=16  lr=0.003   seed=0  train=0.529 val=0.500 test@bestval=0.500 test@final=0.370  (2625.7s)
  loading data for seed 1, n=40, 32000 train graphs...
  [5/11] n=40  L=6  N=32000 m=16   H=2   lr=0.003   seed=1  train=0.302 val=0.500 test@bestval=0.500 test@final=0.242  (1112.0s)
  loading data for seed 1, n=48, 32000 train graphs...
  [6/11] n=48  L=6  N=32000 m=24   H=3   lr=0.003   seed=1  train=0.423 val=0.500 test@bestval=0.500 test@final=0.265  (1172.7s)
  loading data for seed 1, n=56, 32000 train graphs...
  [7/11] n=56  L=6  N=32000 m=32   H=4   lr=0.003   seed=1  train=0.492 val=0.500 test@bestval=0.500 test@final=0.270  (1290.0s)
  loading data for seed 2, n=32, 32000 train graphs...
  [8/11] n=32  L=6  N=32000 m=48   H=6   lr=0.003   seed=2  train=1.000 val=0.990 test@bestval=0.973 test@final=0.973  (1025.0s)
  loading data for seed 2, n=40, 32000 train graphs...
  [9/11] n=40  L=6  N=32000 m=64   H=8   lr=0.003   seed=2  train=0.959 val=0.868 test@bestval=0.873 test@final=0.875  (1272.0s)
  loading data for seed 2, n=48, 32000 train graphs...
  [10/11] n=48  L=6  N=32000 m=96   H=12  lr=0.003   seed=2  train=1.000 val=0.713 test@bestval=0.685 test@final=0.680  (2161.4s)
  loading data for seed 2, n=56, 32000 train graphs...
  [11/11] n=56  L=6  N=32000 m=128  H=16  lr=0.003   seed=2  train=0.498 val=0.500 test@bestval=0.500 test@final=0.398  (1356.3s)
