Device cuda | sweep q3fine shard 1/8: 11 runs to go (0 on disk)
  loading data for seed 0, n=32, 32000 train graphs...
  [1/11] n=32  L=6  N=32000 m=24   H=3   lr=0.003   seed=0  train=0.867 val=0.818 test@bestval=0.828 test@final=0.828  (1163.3s)
  loading data for seed 0, n=40, 32000 train graphs...
  [2/11] n=40  L=6  N=32000 m=32   H=4   lr=0.003   seed=0  train=0.693 val=0.625 test@bestval=0.565 test@final=0.562  (1188.0s)
  loading data for seed 0, n=48, 32000 train graphs...
  [3/11] n=48  L=6  N=32000 m=48   H=6   lr=0.003   seed=0  train=0.707 val=0.593 test@bestval=0.535 test@final=0.540  (1380.2s)
  loading data for seed 0, n=56, 32000 train graphs...
  [4/11] n=56  L=6  N=32000 m=64   H=8   lr=0.003   seed=0  train=0.731 val=0.565 test@bestval=0.588 test@final=0.588  (1465.9s)
  loading data for seed 1, n=32, 32000 train graphs...
  [5/11] n=32  L=6  N=32000 m=96   H=12  lr=0.003   seed=1  train=1.000 val=0.990 test@bestval=0.983 test@final=0.985  (1627.0s)
  loading data for seed 1, n=40, 32000 train graphs...
  [6/11] n=40  L=6  N=32000 m=128  H=16  lr=0.003   seed=1  train=0.999 val=0.943 test@bestval=0.950 test@final=0.950  (2290.8s)
  loading data for seed 1, n=56, 32000 train graphs...
  [7/11] n=56  L=6  N=32000 m=16   H=2   lr=0.003   seed=1  train=0.305 val=0.500 test@bestval=0.500 test@final=0.235  (1219.3s)
  loading data for seed 2, n=32, 32000 train graphs...
  [8/11] n=32  L=6  N=32000 m=24   H=3   lr=0.003   seed=2  train=0.817 val=0.718 test@bestval=0.690 test@final=0.688  (1007.4s)
  loading data for seed 2, n=40, 32000 train graphs...
  [9/11] n=40  L=6  N=32000 m=32   H=4   lr=0.003   seed=2  train=0.767 val=0.662 test@bestval=0.650 test@final=0.660  (1028.6s)
  loading data for seed 2, n=48, 32000 train graphs...
  [10/11] n=48  L=6  N=32000 m=48   H=6   lr=0.003   seed=2  train=0.681 val=0.537 test@bestval=0.555 test@final=0.555  (1363.7s)
  loading data for seed 2, n=56, 32000 train graphs...
  [11/11] n=56  L=6  N=32000 m=64   H=8   lr=0.003   seed=2  train=0.591 val=0.500 test@bestval=0.500 test@final=0.398  (1472.6s)
