Device cuda | sweep q3fine shard 0/8: 11 runs to go (0 on disk)
  loading data for seed 0, n=32, 32000 train graphs...
  [1/11] n=32  L=6  N=32000 m=16   H=2   lr=0.003   seed=0  train=0.585 val=0.515 test@bestval=0.497 test@final=0.502  (1206.1s)
  loading data for seed 0, n=40, 32000 train graphs...
  [2/11] n=40  L=6  N=32000 m=24   H=3   lr=0.003   seed=0  train=0.641 val=0.510 test@bestval=0.557 test@final=0.557  (1226.9s)
  loading data for seed 0, n=48, 32000 train graphs...
  [3/11] n=48  L=6  N=32000 m=32   H=4   lr=0.003   seed=0  train=0.571 val=0.500 test@bestval=0.500 test@final=0.485  (1279.8s)
  loading data for seed 0, n=56, 32000 train graphs...
  [4/11] n=56  L=6  N=32000 m=48   H=6   lr=0.003   seed=0  train=0.568 val=0.500 test@bestval=0.500 test@final=0.432  (1572.3s)
  loading data for seed 1, n=32, 32000 train graphs...
  [5/11] n=32  L=6  N=32000 m=64   H=8   lr=0.003   seed=1  train=1.000 val=0.983 test@bestval=0.978 test@final=0.983  (1349.0s)
  loading data for seed 1, n=40, 32000 train graphs...
  [6/11] n=40  L=6  N=32000 m=96   H=12  lr=0.003   seed=1  train=0.995 val=0.900 test@bestval=0.930 test@final=0.935  (2104.1s)
  loading data for seed 1, n=48, 32000 train graphs...
  [7/11] n=48  L=6  N=32000 m=128  H=16  lr=0.003   seed=1  train=0.842 val=0.740 test@bestval=0.735 test@final=0.730  (3005.8s)
  loading data for seed 2, n=32, 32000 train graphs...
  [8/11] n=32  L=6  N=32000 m=16   H=2   lr=0.003   seed=2  train=0.464 val=0.440 test@bestval=0.455 test@final=0.365  (1025.6s)
  loading data for seed 2, n=40, 32000 train graphs...
  [9/11] n=40  L=6  N=32000 m=24   H=3   lr=0.003   seed=2  train=0.537 val=0.500 test@bestval=0.500 test@final=0.440  (1087.9s)
  loading data for seed 2, n=48, 32000 train graphs...
  [10/11] n=48  L=6  N=32000 m=32   H=4   lr=0.003   seed=2  train=0.567 val=0.500 test@bestval=0.500 test@final=0.492  (1155.2s)
  loading data for seed 2, n=56, 32000 train graphs...
  [11/11] n=56  L=6  N=32000 m=48   H=6   lr=0.003   seed=2  train=0.643 val=0.502 test@bestval=0.500 test@final=0.507  (1601.5s)
