Device cuda | sweep q3fine shard 6/8: 10 runs to go (0 on disk)
  loading data for seed 0, n=32, 32000 train graphs...
  [1/10] n=32  L=6  N=32000 m=128  H=16  lr=0.003   seed=0  train=0.969 val=0.900 test@bestval=0.873 test@final=0.873  (1897.4s)
  loading data for seed 0, n=48, 32000 train graphs...
  [2/10] n=48  L=6  N=32000 m=16   H=2   lr=0.003   seed=0  train=0.415 val=0.500 test@bestval=0.500 test@final=0.305  (1180.9s)
  loading data for seed 0, n=56, 32000 train graphs...
  [3/10] n=56  L=6  N=32000 m=24   H=3   lr=0.003   seed=0  train=0.413 val=0.500 test@bestval=0.500 test@final=0.258  (1266.6s)
  loading data for seed 1, n=32, 32000 train graphs...
  [4/10] n=32  L=6  N=32000 m=32   H=4   lr=0.003   seed=1  train=0.980 val=0.910 test@bestval=0.930 test@final=0.927  (1143.8s)
  loading data for seed 1, n=40, 32000 train graphs...
  [5/10] n=40  L=6  N=32000 m=48   H=6   lr=0.003   seed=1  train=0.902 val=0.733 test@bestval=0.780 test@final=0.780  (1353.5s)
  loading data for seed 1, n=48, 32000 train graphs...
  [6/10] n=48  L=6  N=32000 m=64   H=8   lr=0.003   seed=1  train=0.853 val=0.713 test@bestval=0.688 test@final=0.688  (1765.4s)
  loading data for seed 1, n=56, 32000 train graphs...
  [7/10] n=56  L=6  N=32000 m=96   H=12  lr=0.003   seed=1  train=0.943 val=0.645 test@bestval=0.600 test@final=0.593  (2009.2s)
  loading data for seed 2, n=32, 32000 train graphs...
  [8/10] n=32  L=6  N=32000 m=128  H=16  lr=0.003   seed=2  train=0.998 val=0.980 test@bestval=0.973 test@final=0.973  (2174.1s)
  loading data for seed 2, n=48, 32000 train graphs...
  [9/10] n=48  L=6  N=32000 m=16   H=2   lr=0.003   seed=2  train=0.303 val=0.500 test@bestval=0.500 test@final=0.278  (1026.9s)
  loading data for seed 2, n=56, 32000 train graphs...
  [10/10] n=56  L=6  N=32000 m=24   H=3   lr=0.003   seed=2  train=0.383 val=0.500 test@bestval=0.500 test@final=0.217  (1183.9s)
